[city2.wpmix.net/htmlgit/cityevents_ajaxed/index.html]
[backblue.gif]
[fade.gif]
[index.html]
[city2.wpmix.net/htmlgit/cityevents_ajaxed/apple-touch-icon.png]
[city2.wpmix.net/htmlgit/cityevents_ajaxed/css/main.css]
[city2.wpmix.net/htmlgit/cityevents_ajaxed/img/logo_small.png]
[city2.wpmix.net/htmlgit/cityevents_ajaxed/index-2.html]
[city2.wpmix.net/htmlgit/cityevents_ajaxed/img/rain-xxl.png]
[city2.wpmix.net/htmlgit/cityevents_ajaxed/Add-Place.html]
[city2.wpmix.net/htmlgit/cityevents_ajaxed/img/mobile-logo.png]
[city2.wpmix.net/htmlgit/cityevents_ajaxed/Places.html]
[city2.wpmix.net/htmlgit/cityevents_ajaxed/Single-Place.html]
[city2.wpmix.net/htmlgit/cityevents_ajaxed/Events.html]
[city2.wpmix.net/htmlgit/cityevents_ajaxed/Single-Event.html]
[city2.wpmix.net/htmlgit/cityevents_ajaxed/Single-Post_Standart.html]
[city2.wpmix.net/htmlgit/cityevents_ajaxed/Gallery.html]
[city2.wpmix.net/htmlgit/cityevents_ajaxed/blog.html]
[city2.wpmix.net/htmlgit/cityevents_ajaxed/img/home-bg.jpg]
[city2.wpmix.net/htmlgit/cityevents_ajaxed/img/scroll.png]
[city2.wpmix.net/htmlgit/cityevents_ajaxed/img/src/pop-place-1.jpg]
[city2.wpmix.net/htmlgit/cityevents_ajaxed/img/src/pop-place-2.jpg]
[city2.wpmix.net/htmlgit/cityevents_ajaxed/img/src/pop-place-3.jpg]
[city2.wpmix.net/htmlgit/cityevents_ajaxed/img/src/place-category-1.jpg]
[city2.wpmix.net/htmlgit/cityevents_ajaxed/img/src/place-category-9.jpg]
[city2.wpmix.net/htmlgit/cityevents_ajaxed/img/src/place-category-3.jpg]
[city2.wpmix.net/htmlgit/cityevents_ajaxed/img/src/place-category-4.jpg]
[city2.wpmix.net/htmlgit/cityevents_ajaxed/img/src/place-category-5.jpg]
[city2.wpmix.net/htmlgit/cityevents_ajaxed/img/src/cinema1.jpg]
[city2.wpmix.net/htmlgit/cityevents_ajaxed/img/src/place-category-10.jpg]
[city2.wpmix.net/htmlgit/cityevents_ajaxed/img/src/place-category-11.jpg]
[city2.wpmix.net/htmlgit/cityevents_ajaxed/img/src/upcoming-event-1.jpg]
[city2.wpmix.net/htmlgit/cityevents_ajaxed/img/src/upcoming-event-2.jpg]
[city2.wpmix.net/htmlgit/cityevents_ajaxed/img/src/upcoming-event-3.jpg]
[city2.wpmix.net/htmlgit/cityevents_ajaxed/img/facebook-link.jpg]
[city2.wpmix.net/htmlgit/cityevents_ajaxed/img/google-link.jpg]
[city2.wpmix.net/htmlgit/cityevents_ajaxed/img/src/latest-photo-1.jpg]
[city2.wpmix.net/htmlgit/cityevents_ajaxed/Gallery_Photos.html]
[city2.wpmix.net/htmlgit/cityevents_ajaxed/img/src/latest-photo-2.jpg]
[city2.wpmix.net/htmlgit/cityevents_ajaxed/img/src/latest-photo-3.jpg]
[city2.wpmix.net/htmlgit/cityevents_ajaxed/img/src/prev-1.png]
[city2.wpmix.net/htmlgit/cityevents_ajaxed/img/src/round-avatar-1.jpg]
[city2.wpmix.net/htmlgit/cityevents_ajaxed/img/src/round-avatar-2.jpg]
[city2.wpmix.net/htmlgit/cityevents_ajaxed/img/src/plan-1.jpg]
[city2.wpmix.net/htmlgit/cityevents_ajaxed/img/src/plan-2.jpg]
[city2.wpmix.net/htmlgit/cityevents_ajaxed/img/src/plan-3.jpg]
[city2.wpmix.net/htmlgit/cityevents_ajaxed/img/src/banner-2.jpg]
[city2.wpmix.net/htmlgit/cityevents_ajaxed/img/src/sm-post-1.jpg]
[city2.wpmix.net/htmlgit/cityevents_ajaxed/img/src/sm-post-2.jpg]
[city2.wpmix.net/htmlgit/cityevents_ajaxed/img/src/sm-post-4.jpg]
[city2.wpmix.net/htmlgit/cityevents_ajaxed/img/src/banner-3.jpg]
[city2.wpmix.net/htmlgit/cityevents_ajaxed/img/icon-googleplay.png]
[city2.wpmix.net/htmlgit/cityevents_ajaxed/img/apple-ic.png]
[city2.wpmix.net/htmlgit/cityevents_ajaxed/js/dropzone.js]
[city2.wpmix.net/htmlgit/cityevents_ajaxed/js/jquery.min.js]
[city2.wpmix.net/htmlgit/cityevents_ajaxed/js/chosen.jquery.min.js]
[city2.wpmix.net/htmlgit/cityevents_ajaxed/js/ion.rangeSlider.min.js]
[city2.wpmix.net/htmlgit/cityevents_ajaxed/js/jquery.popup.min.js]
[city2.wpmix.net/htmlgit/cityevents_ajaxed/js/lightcase.js]
[city2.wpmix.net/htmlgit/cityevents_ajaxed/js/jssor.slider.mini.js]
[city2.wpmix.net/htmlgit/cityevents_ajaxed/js/imagesloaded.pkgd.min.js]
[city2.wpmix.net/htmlgit/cityevents_ajaxed/js/masonry.pkgd.min.js]
[city2.wpmix.net/htmlgit/cityevents_ajaxed/js/owl.carousel.js]
[city2.wpmix.net/htmlgit/cityevents_ajaxed/js/tabs.js]
[city2.wpmix.net/htmlgit/cityevents_ajaxed/js/tooltip.js]
[city2.wpmix.net/htmlgit/cityevents_ajaxed/js/custum.js]
[city2.wpmix.net/htmlgit/cityevents_ajaxed/index.html]
[city2.wpmix.net/htmlgit/cityevents_ajaxed/js/jquery.custom-scrollbar.js]
[city2.wpmix.net/htmlgit/cityevents_ajaxed/font/Roboto-Medium_0.ttf]
[city2.wpmix.net/htmlgit/cityevents_ajaxed/js/main.js]
[city2.wpmix.net/htmlgit/cityevents_ajaxed/font/Roboto-Light_0.ttf]
[city2.wpmix.net/htmlgit/cityevents_ajaxed/font/Roboto-Regular_0.ttf]
[city2.wpmix.net/htmlgit/cityevents_ajaxed/js/compiled_lib.js]
[city2.wpmix.net/htmlgit/cityevents_ajaxed/font/Roboto-Bold_0.ttf]
[city2.wpmix.net/htmlgit/cityevents_ajaxed/font/Philosopher-Regular.ttf]
[city2.wpmix.net/htmlgit/cityevents_ajaxed/font/fontawesomee0a5.woff2]
[city2.wpmix.net/htmlgit/cityevents_ajaxed/font/fontawesomed41d.eot]
[city2.wpmix.net/htmlgit/cityevents_ajaxed/font/fontawesomee0a5.eot]
[city2.wpmix.net/htmlgit/cityevents_ajaxed/font/fontawesomee0a5.ttf]
[city2.wpmix.net/htmlgit/cityevents_ajaxed/font/fontawesomee0a5.svg]
[city2.wpmix.net/htmlgit/cityevents_ajaxed/font/fontawesomee0a5.woff]
[city2.wpmix.net/htmlgit/cityevents_ajaxed/font/fmr_icon51e4.ttf]
[city2.wpmix.net/htmlgit/cityevents_ajaxed/font/fmr_icon51e4.svg]
[city2.wpmix.net/htmlgit/cityevents_ajaxed/img/sprite-skin-flat.png]
[city2.wpmix.net/htmlgit/cityevents_ajaxed/img/checked.png]
[city2.wpmix.net/htmlgit/cityevents_ajaxed/font/lightcaseeead.eot]
[city2.wpmix.net/htmlgit/cityevents_ajaxed/font/lightcaseeead.woff]
[city2.wpmix.net/htmlgit/cityevents_ajaxed/font/lightcaseeead.ttf]
[city2.wpmix.net/htmlgit/cityevents_ajaxed/font/lightcaseeead.svg]
[city2.wpmix.net/htmlgit/cityevents_ajaxed/css/owl.video.play.png]
[city2.wpmix.net/htmlgit/cityevents_ajaxed/img/slider-nav.png]
[city2.wpmix.net/htmlgit/cityevents_ajaxed/img/slider-nav2.png]
[city2.wpmix.net/htmlgit/cityevents_ajaxed/css/main.css]
[city2.wpmix.net/htmlgit/cityevents_ajaxed/index-2.html]
[city2.wpmix.net/htmlgit/cityevents_ajaxed/img/src/banner-9.jpg]
[city2.wpmix.net/htmlgit/cityevents_ajaxed/font/fmr_icon51e4.eot]
[city2.wpmix.net/htmlgit/cityevents_ajaxed/Add-Place.html]
[city2.wpmix.net/htmlgit/cityevents_ajaxed/img/src/rest.jpg]
[city2.wpmix.net/htmlgit/cityevents_ajaxed/img/src/s-bar.jpg]
[city2.wpmix.net/htmlgit/cityevents_ajaxed/img/src/bar.jpg]
[city2.wpmix.net/htmlgit/cityevents_ajaxed/font/fmr_icon51e4.woff]
[city2.wpmix.net/htmlgit/cityevents_ajaxed/img/src/cinema.jpg]
[city2.wpmix.net/htmlgit/cityevents_ajaxed/img/src/place-category-6.jpg]
[city2.wpmix.net/htmlgit/cityevents_ajaxed/img/src/place-category-7.jpg]
[city2.wpmix.net/htmlgit/cityevents_ajaxed/Places.html]
[city2.wpmix.net/htmlgit/cityevents_ajaxed/img/src/place-category-8.jpg]
[city2.wpmix.net/htmlgit/cityevents_ajaxed/img/place-bg.jpg]
[city2.wpmix.net/htmlgit/cityevents_ajaxed/img/src/banner-8.jpg]
[city2.wpmix.net/htmlgit/cityevents_ajaxed/Single-Place2.html]
[city2.wpmix.net/htmlgit/cityevents_ajaxed/img/src/menu-1.jpg]
[city2.wpmix.net/htmlgit/cityevents_ajaxed/img/src/menu-2.jpg]
[city2.wpmix.net/htmlgit/cityevents_ajaxed/img/src/menu-3.jpg]
[city2.wpmix.net/htmlgit/cityevents_ajaxed/img/src/menu-4.jpg]
[city2.wpmix.net/htmlgit/cityevents_ajaxed/img/src/menu-5.jpg]
[city2.wpmix.net/htmlgit/cityevents_ajaxed/img/src/menu-6.jpg]
[city2.wpmix.net/htmlgit/cityevents_ajaxed/img/src/photo-1.jpg]
[city2.wpmix.net/htmlgit/cityevents_ajaxed/img/src/photo-2.jpg]
[city2.wpmix.net/htmlgit/cityevents_ajaxed/img/src/photo-3.jpg]
[city2.wpmix.net/htmlgit/cityevents_ajaxed/img/src/photo-4.jpg]
[city2.wpmix.net/htmlgit/cityevents_ajaxed/img/src/photo-5.jpg]
[city2.wpmix.net/htmlgit/cityevents_ajaxed/img/src/photo-6.jpg]
[city2.wpmix.net/htmlgit/cityevents_ajaxed/img/src/banner-5.jpg]
[city2.wpmix.net/htmlgit/cityevents_ajaxed/Single-Place.html]
[city2.wpmix.net/htmlgit/cityevents_ajaxed/img/src/place-category-12.jpg]
[city2.wpmix.net/htmlgit/cityevents_ajaxed/Events.html]
[city2.wpmix.net/htmlgit/cityevents_ajaxed/img/event-bg.jpg]
[city2.wpmix.net/htmlgit/cityevents_ajaxed/Single-Event2.html]
[city2.wpmix.net/htmlgit/cityevents_ajaxed/img/src/banner-6.jpg]
[city2.wpmix.net/htmlgit/cityevents_ajaxed/img/src/plan-4.jpg]
[city2.wpmix.net/htmlgit/cityevents_ajaxed/img/src/plan-5.jpg]
[city2.wpmix.net/htmlgit/cityevents_ajaxed/img/src/plan-6.jpg]
[city2.wpmix.net/htmlgit/cityevents_ajaxed/img/src/banner-7.jpg]
[city2.wpmix.net/htmlgit/cityevents_ajaxed/img/src/speaker-1.jpg]
[city2.wpmix.net/htmlgit/cityevents_ajaxed/img/src/speaker-2.jpg]
[city2.wpmix.net/htmlgit/cityevents_ajaxed/img/src/speaker-3.jpg]
[city2.wpmix.net/htmlgit/cityevents_ajaxed/img/src/speaker-4.jpg]
[city2.wpmix.net/htmlgit/cityevents_ajaxed/img/src/schedule-1.jpg]
[city2.wpmix.net/htmlgit/cityevents_ajaxed/img/src/schedule-2.jpg]
[city2.wpmix.net/htmlgit/cityevents_ajaxed/img/src/schedule-3.jpg]
[city2.wpmix.net/htmlgit/cityevents_ajaxed/img/src/schedule-4.jpg]
[city2.wpmix.net/htmlgit/cityevents_ajaxed/Single-Event.html]
[city2.wpmix.net/htmlgit/cityevents_ajaxed/img/src/banner-1.jpg]
[city2.wpmix.net/htmlgit/cityevents_ajaxed/img/src/avatar-1.jpg]
[city2.wpmix.net/htmlgit/cityevents_ajaxed/img/src/avatar-2.jpg]
[city2.wpmix.net/htmlgit/cityevents_ajaxed/img/src/avatar-3.jpg]
[city2.wpmix.net/htmlgit/cityevents_ajaxed/img/src/avatar-4.jpg]
[city2.wpmix.net/htmlgit/cityevents_ajaxed/img/src/big-post.jpg]
[city2.wpmix.net/htmlgit/cityevents_ajaxed/img/src/single-post-1.jpg]
[city2.wpmix.net/htmlgit/cityevents_ajaxed/img/src/single-post-2.jpg]
[city2.wpmix.net/htmlgit/cityevents_ajaxed/Single-Post_Standart.html]
[city2.wpmix.net/htmlgit/cityevents_ajaxed/img/src/single-post-3.jpg]
[city2.wpmix.net/htmlgit/cityevents_ajaxed/Gallery.html]
[city2.wpmix.net/htmlgit/cityevents_ajaxed/blog.html]
[city2.wpmix.net/htmlgit/cityevents_ajaxed/Gallery_Photos.html]
[city2.wpmix.net/htmlgit/cityevents_ajaxed/font/fontawesomee0a5.svg]
[city2.wpmix.net/htmlgit/cityevents_ajaxed/font/fmr_icon51e4.svg]
[city2.wpmix.net/htmlgit/cityevents_ajaxed/font/lightcaseeead.svg]
[city2.wpmix.net/htmlgit/cityevents_ajaxed/css/owl.video.play.html]
[city2.wpmix.net/htmlgit/cityevents_ajaxed/img/src/banner-4.jpg]
[city2.wpmix.net/htmlgit/cityevents_ajaxed/img/place-bg2.jpg]
[city2.wpmix.net/htmlgit/cityevents_ajaxed/Single-Place2.html]
[city2.wpmix.net/htmlgit/cityevents_ajaxed/img/rave.jpg]
[city2.wpmix.net/htmlgit/cityevents_ajaxed/Single-Event2.html]
